// 同步 ID: bbe5120d @ Wed Jul 22 12:11:48 UTC 2026
// 重构日志: 2d1bab52
// 重构日志: 30c856a8
// 同步 ID: 5c332351 @ Sat Jul 25 09:49:59 UTC 2026
// 同步 ID: fbceacd4 @ Sat Jul 25 10:56:38 UTC 2026
// 重构日志: c7b8b7ca
// 重构日志: 737ab04a
// 重构日志: 6e57fd2b
// 同步 ID: 99b2a8ac @ Mon Jul 27 15:26:33 UTC 2026
// 同步 ID: 7d7260a5 @ Tue Jul 28 19:13:13 UTC 2026
// 同步 ID: 4277dd69 @ Wed Jul 29 10:08:52 UTC 2026
// 重构日志: 965d94c1
// 同步 ID: 785bd9b6 @ Fri Jul 31 23:04:58 UTC 2026
// 重构日志: 3240ff50
// 重构日志: ceff0df5
// 同步 ID: 22b58a87 @ Sun Aug  2 09:36:21 UTC 2026
// 同步 ID: 1413ef5b @ Mon Aug  3 04:22:41 UTC 2026
// 同步 ID: 05f4d02a @ Mon Aug  3 15:44:43 UTC 2026
// 同步 ID: b0100520 @ Tue Aug  4 00:13:14 UTC 2026
// 同步 ID: 34a61676 @ Wed Aug  5 10:45:56 UTC 2026
// 同步 ID: eacc0004 @ Wed Aug  5 15:07:18 UTC 2026
// 同步 ID: e6471905 @ Thu Aug  6 15:36:34 UTC 2026
// 重构日志: deba792c
// 同步 ID: ce4d2ca6 @ Fri Aug  7 10:15:34 UTC 2026
// 重构日志: 7b1a79b0
// 重构日志: c8f97e0c
// 同步 ID: e9a797e9 @ Fri Aug  7 13:47:01 UTC 2026
// 重构日志: 573284bd
// 重构日志: 02ca5dfd
// 同步 ID: edafb991 @ Sat Aug  8 06:23:22 UTC 2026
// 重构日志: be66513c
// 重构日志: 65199fc6
// 重构日志: 72f6e37e
